[favicon.ico]
[bobpic.jpg]
[pyuen.png]
[add.png]
[add-2.png]
[sundayschool.xml]
[gcc.png]
[index-5.html]
[java.png]
[index-4.html]
[python.png]
[ruby.png]
[index-6.html]
[metafont.png]
[octavelogo.png]
[php.gif]
[processing.png]
[index-9.html]
[r_project.png]
[scratch.png]
[sqlite.png]
[xetex.17.delayed]
[page.184bd2.delayed]
[xelatex.png]
[page01a3.html]
[audacity.png]
[blender.png]
[eclipse.png]
[emacs.png]
[gimp.png]
[inkscape.png]
[jing.png]
[komposer.png]
[index-11.html]
[lilypond.png]
[opencv.png]
[opengl.png]
[vlc.png]
[cutepdf.png]
[foxit.png]
[git.png]
[openproj.png]
[ooo-logo.png]
[sdl.png]
[ideone.png]
[android.png]
[apple.png]
[index-12.html]
[msys.png]
[ubuntu.png]
[virtualbox.png]
[windows.png]
[googledocs.png]
[googleapis.png]
[facebook.png]
[xampp.png]
[heroku.png]
[putty.png]
[skype.png]
[wireshark.png]
[bc.gif]
[319.html]
[btn_viewmy_120x33.png]
[flickrsquare.png]
[rbatz-2.html]
[jquery-1.js]
[hyphenator.js]
[widgets.js]
[raphael-min.js]
[index-2.html]
[pmwiki.html]
[pmwiki208e.html]
[index-4.html]
[index-5.html]
[index-6.html]
[index-7.html]
[index-8.html]
[index-9.html]
[r.html]
[scratch.html]
[page01a3.html]
[index-11.html]
[index-12.html]
[pmwiki8150.html]
[319.html]
[rbatz.html]
[rbatz-2.html]
[pmwiki0762.html]
[scripts.html]
[index-10.html]
